[train] device: cuda | cpu threads: 4
[train] observation space: (4, 84, 84) uint8 | action space: 2
[train] CNN parameters: 1,685,154 | replay buffer ~5.64 GB (100,000 transitions)
[train] step     2,000/1,000,000 | eps 0.980 | ep_return    9.00 | ep_len     51 | updates        0 |   412 step/s
[train] step     4,000/1,000,000 | eps 0.960 | ep_return    9.00 | ep_len     51 | updates        0 |   419 step/s
[train] step     6,000/1,000,000 | eps 0.941 | ep_return    9.00 | ep_len     51 | updates        0 |   418 step/s
[train] step     8,000/1,000,000 | eps 0.921 | ep_return    9.00 | ep_len     51 | updates        0 |   429 step/s
[train] step    10,000/1,000,000 | eps 0.901 | ep_return    9.00 | ep_len     51 | updates        0 |   442 step/s
[train] step    12,000/1,000,000 | eps 0.881 | ep_return    9.00 | ep_len     51 | updates        0 |   451 step/s
[train] step    14,000/1,000,000 | eps 0.861 | ep_return    9.00 | ep_len     51 | updates        0 |   457 step/s
[train] step    16,000/1,000,000 | eps 0.842 | ep_return    9.00 | ep_len     51 | updates        0 |   462 step/s
[train] step    18,000/1,000,000 | eps 0.822 | ep_return    9.00 | ep_len     51 | updates        0 |   464 step/s
[train] step    20,000/1,000,000 | eps 0.802 | ep_return    9.00 | ep_len     51 | updates        0 |   465 step/s
[train] step    22,000/1,000,000 | eps 0.782 | ep_return    9.00 | ep_len     51 | updates      500 |   449 step/s
[train] step    24,000/1,000,000 | eps 0.762 | ep_return    9.00 | ep_len     51 | updates    1,000 |   440 step/s
[train] step    26,000/1,000,000 | eps 0.743 | ep_return    9.00 | ep_len     51 | updates    1,500 |   433 step/s
[train] step    28,000/1,000,000 | eps 0.723 | ep_return    9.00 | ep_len     51 | updates    2,000 |   427 step/s
[train] step    30,000/1,000,000 | eps 0.703 | ep_return    9.00 | ep_len     51 | updates    2,500 |   423 step/s
[train] step    32,000/1,000,000 | eps 0.683 | ep_return    9.00 | ep_len     51 | updates    3,000 |   419 step/s
[train] step    34,000/1,000,000 | eps 0.663 | ep_return    9.00 | ep_len     51 | updates    3,500 |   414 step/s
[train] step    36,000/1,000,000 | eps 0.644 | ep_return    9.00 | ep_len     51 | updates    4,000 |   411 step/s
[train] step    38,000/1,000,000 | eps 0.624 | ep_return    9.00 | ep_len     51 | updates    4,500 |   408 step/s
[train] step    40,000/1,000,000 | eps 0.604 | ep_return    9.00 | ep_len     51 | updates    5,000 |   405 step/s
[train] step    42,000/1,000,000 | eps 0.584 | ep_return    9.00 | ep_len     51 | updates    5,500 |   403 step/s
[train] step    44,000/1,000,000 | eps 0.564 | ep_return    9.00 | ep_len     51 | updates    6,000 |   402 step/s
[train] step    46,000/1,000,000 | eps 0.545 | ep_return    9.00 | ep_len     51 | updates    6,500 |   399 step/s
[train] step    48,000/1,000,000 | eps 0.525 | ep_return    9.00 | ep_len     51 | updates    7,000 |   396 step/s
[train] step    50,000/1,000,000 | eps 0.505 | ep_return    9.00 | ep_len     51 | updates    7,500 |   394 step/s
[train] step    52,000/1,000,000 | eps 0.485 | ep_return    9.00 | ep_len     51 | updates    8,000 |   391 step/s
[train] step    54,000/1,000,000 | eps 0.465 | ep_return    9.00 | ep_len     51 | updates    8,500 |   389 step/s
[train] step    56,000/1,000,000 | eps 0.446 | ep_return    9.00 | ep_len     51 | updates    9,000 |   387 step/s
[train] step    58,000/1,000,000 | eps 0.426 | ep_return    9.03 | ep_len     51 | updates    9,500 |   386 step/s
[train] step    60,000/1,000,000 | eps 0.406 | ep_return    8.99 | ep_len     51 | updates   10,000 |   385 step/s
[train] step    62,000/1,000,000 | eps 0.386 | ep_return    8.96 | ep_len     51 | updates   10,500 |   384 step/s
[train] step    64,000/1,000,000 | eps 0.366 | ep_return    9.00 | ep_len     51 | updates   11,000 |   383 step/s
[train] step    66,000/1,000,000 | eps 0.347 | ep_return    9.00 | ep_len     51 | updates   11,500 |   382 step/s
[train] step    68,000/1,000,000 | eps 0.327 | ep_return    9.00 | ep_len     51 | updates   12,000 |   381 step/s
[train] step    70,000/1,000,000 | eps 0.307 | ep_return    9.00 | ep_len     51 | updates   12,500 |   381 step/s
[train] step    72,000/1,000,000 | eps 0.287 | ep_return    9.00 | ep_len     51 | updates   13,000 |   380 step/s
[train] step    74,000/1,000,000 | eps 0.267 | ep_return    8.86 | ep_len     50 | updates   13,500 |   378 step/s
[train] step    76,000/1,000,000 | eps 0.248 | ep_return    8.69 | ep_len     49 | updates   14,000 |   377 step/s
[train] step    78,000/1,000,000 | eps 0.228 | ep_return    8.74 | ep_len     50 | updates   14,500 |   377 step/s
[train] step    80,000/1,000,000 | eps 0.208 | ep_return    8.85 | ep_len     50 | updates   15,000 |   376 step/s
[train] step    82,000/1,000,000 | eps 0.188 | ep_return    8.66 | ep_len     49 | updates   15,500 |   375 step/s
[train] step    84,000/1,000,000 | eps 0.168 | ep_return    8.54 | ep_len     49 | updates   16,000 |   375 step/s
[train] step    86,000/1,000,000 | eps 0.149 | ep_return    8.48 | ep_len     48 | updates   16,500 |   374 step/s
[train] step    88,000/1,000,000 | eps 0.129 | ep_return    8.29 | ep_len     47 | updates   17,000 |   373 step/s
[train] step    90,000/1,000,000 | eps 0.109 | ep_return    8.00 | ep_len     46 | updates   17,500 |   372 step/s
[train] step    92,000/1,000,000 | eps 0.089 | ep_return    8.24 | ep_len     47 | updates   18,000 |   372 step/s
[train] step    94,000/1,000,000 | eps 0.069 | ep_return    8.58 | ep_len     49 | updates   18,500 |   371 step/s
[train] step    96,000/1,000,000 | eps 0.050 | ep_return    8.77 | ep_len     50 | updates   19,000 |   371 step/s
[train] step    98,000/1,000,000 | eps 0.030 | ep_return    8.84 | ep_len     50 | updates   19,500 |   370 step/s
[train] step   100,000/1,000,000 | eps 0.010 | ep_return    8.62 | ep_len     49 | updates   20,000 |   369 step/s
[eval ] step 100,000 | return 9.00 +/- 0.00
[eval ] new best (9.00) -> visual_dqn_flappy_best.pt
[train] step   102,000/1,000,000 | eps 0.010 | ep_return    8.65 | ep_len     49 | updates   20,500 |   368 step/s
[train] step   104,000/1,000,000 | eps 0.010 | ep_return    8.69 | ep_len     49 | updates   21,000 |   368 step/s
[train] step   106,000/1,000,000 | eps 0.010 | ep_return    9.03 | ep_len     51 | updates   21,500 |   367 step/s
[train] step   108,000/1,000,000 | eps 0.010 | ep_return    9.11 | ep_len     51 | updates   22,000 |   367 step/s
[train] step   110,000/1,000,000 | eps 0.010 | ep_return    9.04 | ep_len     51 | updates   22,500 |   366 step/s
[train] step   112,000/1,000,000 | eps 0.010 | ep_return    9.03 | ep_len     51 | updates   23,000 |   366 step/s
[train] step   114,000/1,000,000 | eps 0.010 | ep_return    9.03 | ep_len     51 | updates   23,500 |   366 step/s
[train] step   116,000/1,000,000 | eps 0.010 | ep_return    9.04 | ep_len     51 | updates   24,000 |   365 step/s
[train] step   118,000/1,000,000 | eps 0.010 | ep_return    9.01 | ep_len     51 | updates   24,500 |   365 step/s
[train] step   120,000/1,000,000 | eps 0.010 | ep_return    9.03 | ep_len     51 | updates   25,000 |   365 step/s
[train] step   122,000/1,000,000 | eps 0.010 | ep_return    9.10 | ep_len     51 | updates   25,500 |   364 step/s
[train] step   124,000/1,000,000 | eps 0.010 | ep_return    9.22 | ep_len     52 | updates   26,000 |   364 step/s
[train] step   126,000/1,000,000 | eps 0.010 | ep_return    9.11 | ep_len     51 | updates   26,500 |   364 step/s
[train] step   128,000/1,000,000 | eps 0.010 | ep_return    9.07 | ep_len     51 | updates   27,000 |   363 step/s
[train] step   130,000/1,000,000 | eps 0.010 | ep_return    9.09 | ep_len     51 | updates   27,500 |   363 step/s
[train] step   132,000/1,000,000 | eps 0.010 | ep_return    9.14 | ep_len     52 | updates   28,000 |   363 step/s
[train] step   134,000/1,000,000 | eps 0.010 | ep_return    9.21 | ep_len     52 | updates   28,500 |   363 step/s
[train] step   136,000/1,000,000 | eps 0.010 | ep_return    9.21 | ep_len     52 | updates   29,000 |   362 step/s
[train] step   138,000/1,000,000 | eps 0.010 | ep_return    9.18 | ep_len     52 | updates   29,500 |   362 step/s
[train] step   140,000/1,000,000 | eps 0.010 | ep_return    9.23 | ep_len     52 | updates   30,000 |   362 step/s
[train] step   142,000/1,000,000 | eps 0.010 | ep_return    9.19 | ep_len     52 | updates   30,500 |   362 step/s
[train] step   144,000/1,000,000 | eps 0.010 | ep_return    9.17 | ep_len     52 | updates   31,000 |   362 step/s
[train] step   146,000/1,000,000 | eps 0.010 | ep_return    9.11 | ep_len     51 | updates   31,500 |   361 step/s
[train] step   148,000/1,000,000 | eps 0.010 | ep_return    9.07 | ep_len     51 | updates   32,000 |   361 step/s
[train] step   150,000/1,000,000 | eps 0.010 | ep_return    9.16 | ep_len     52 | updates   32,500 |   361 step/s
[train] step   152,000/1,000,000 | eps 0.010 | ep_return    9.15 | ep_len     52 | updates   33,000 |   361 step/s
[train] step   154,000/1,000,000 | eps 0.010 | ep_return    9.23 | ep_len     52 | updates   33,500 |   361 step/s
[train] step   156,000/1,000,000 | eps 0.010 | ep_return    9.23 | ep_len     52 | updates   34,000 |   360 step/s
[train] step   158,000/1,000,000 | eps 0.010 | ep_return    9.23 | ep_len     52 | updates   34,500 |   360 step/s
[train] step   160,000/1,000,000 | eps 0.010 | ep_return    9.23 | ep_len     52 | updates   35,000 |   360 step/s
[train] step   162,000/1,000,000 | eps 0.010 | ep_return    9.31 | ep_len     52 | updates   35,500 |   360 step/s
[train] step   164,000/1,000,000 | eps 0.010 | ep_return    9.37 | ep_len     52 | updates   36,000 |   360 step/s
[train] step   166,000/1,000,000 | eps 0.010 | ep_return    9.22 | ep_len     52 | updates   36,500 |   360 step/s
[train] step   168,000/1,000,000 | eps 0.010 | ep_return    9.23 | ep_len     52 | updates   37,000 |   359 step/s
[train] step   170,000/1,000,000 | eps 0.010 | ep_return    9.30 | ep_len     52 | updates   37,500 |   359 step/s
[train] step   172,000/1,000,000 | eps 0.010 | ep_return    9.32 | ep_len     52 | updates   38,000 |   359 step/s
[train] step   174,000/1,000,000 | eps 0.010 | ep_return    9.33 | ep_len     52 | updates   38,500 |   359 step/s
[train] step   176,000/1,000,000 | eps 0.010 | ep_return    9.34 | ep_len     52 | updates   39,000 |   359 step/s
[train] step   178,000/1,000,000 | eps 0.010 | ep_return    9.35 | ep_len     52 | updates   39,500 |   359 step/s
[train] step   180,000/1,000,000 | eps 0.010 | ep_return    9.40 | ep_len     52 | updates   40,000 |   358 step/s
[train] step   182,000/1,000,000 | eps 0.010 | ep_return    9.37 | ep_len     52 | updates   40,500 |   358 step/s
[train] step   184,000/1,000,000 | eps 0.010 | ep_return    9.27 | ep_len     52 | updates   41,000 |   358 step/s
[train] step   186,000/1,000,000 | eps 0.010 | ep_return    9.36 | ep_len     52 | updates   41,500 |   358 step/s
[train] step   188,000/1,000,000 | eps 0.010 | ep_return    9.37 | ep_len     52 | updates   42,000 |   358 step/s
[train] step   190,000/1,000,000 | eps 0.010 | ep_return    9.51 | ep_len     53 | updates   42,500 |   358 step/s
[train] step   192,000/1,000,000 | eps 0.010 | ep_return    9.58 | ep_len     53 | updates   43,000 |   358 step/s
[train] step   194,000/1,000,000 | eps 0.010 | ep_return    9.68 | ep_len     53 | updates   43,500 |   358 step/s
[train] step   196,000/1,000,000 | eps 0.010 | ep_return    9.76 | ep_len     54 | updates   44,000 |   357 step/s
[train] step   198,000/1,000,000 | eps 0.010 | ep_return    9.79 | ep_len     54 | updates   44,500 |   357 step/s
[train] step   200,000/1,000,000 | eps 0.010 | ep_return    9.73 | ep_len     54 | updates   45,000 |   357 step/s
[eval ] step 200,000 | return 9.46 +/- 0.38
[eval ] new best (9.46) -> visual_dqn_flappy_best.pt
[train] step   202,000/1,000,000 | eps 0.010 | ep_return    9.69 | ep_len     54 | updates   45,500 |   357 step/s
[train] step   204,000/1,000,000 | eps 0.010 | ep_return    9.61 | ep_len     53 | updates   46,000 |   356 step/s
[train] step   206,000/1,000,000 | eps 0.010 | ep_return    9.69 | ep_len     54 | updates   46,500 |   356 step/s
[train] step   208,000/1,000,000 | eps 0.010 | ep_return    9.74 | ep_len     54 | updates   47,000 |   356 step/s
[train] step   210,000/1,000,000 | eps 0.010 | ep_return    9.52 | ep_len     53 | updates   47,500 |   356 step/s
[train] step   212,000/1,000,000 | eps 0.010 | ep_return    9.40 | ep_len     53 | updates   48,000 |   356 step/s
[train] step   214,000/1,000,000 | eps 0.010 | ep_return    9.50 | ep_len     53 | updates   48,500 |   356 step/s
[train] step   216,000/1,000,000 | eps 0.010 | ep_return    9.69 | ep_len     53 | updates   49,000 |   356 step/s
[train] step   218,000/1,000,000 | eps 0.010 | ep_return    9.90 | ep_len     54 | updates   49,500 |   356 step/s
[train] step   220,000/1,000,000 | eps 0.010 | ep_return    9.81 | ep_len     54 | updates   50,000 |   356 step/s
[train] step   222,000/1,000,000 | eps 0.010 | ep_return    9.72 | ep_len     54 | updates   50,500 |   356 step/s
[train] step   224,000/1,000,000 | eps 0.010 | ep_return    9.79 | ep_len     54 | updates   51,000 |   356 step/s
[train] step   226,000/1,000,000 | eps 0.010 | ep_return    9.97 | ep_len     55 | updates   51,500 |   356 step/s
[train] step   228,000/1,000,000 | eps 0.010 | ep_return   10.14 | ep_len     55 | updates   52,000 |   355 step/s
[train] step   230,000/1,000,000 | eps 0.010 | ep_return   10.13 | ep_len     55 | updates   52,500 |   355 step/s
[train] step   232,000/1,000,000 | eps 0.010 | ep_return    9.93 | ep_len     54 | updates   53,000 |   355 step/s
[train] step   234,000/1,000,000 | eps 0.010 | ep_return    9.98 | ep_len     54 | updates   53,500 |   355 step/s
[train] step   236,000/1,000,000 | eps 0.010 | ep_return   10.02 | ep_len     55 | updates   54,000 |   355 step/s
[train] step   238,000/1,000,000 | eps 0.010 | ep_return   10.00 | ep_len     55 | updates   54,500 |   355 step/s
[train] step   240,000/1,000,000 | eps 0.010 | ep_return    9.87 | ep_len     54 | updates   55,000 |   355 step/s
[train] step   242,000/1,000,000 | eps 0.010 | ep_return   10.02 | ep_len     55 | updates   55,500 |   355 step/s
[train] step   244,000/1,000,000 | eps 0.010 | ep_return    9.86 | ep_len     54 | updates   56,000 |   355 step/s
[train] step   246,000/1,000,000 | eps 0.010 | ep_return    9.88 | ep_len     54 | updates   56,500 |   354 step/s
[train] step   248,000/1,000,000 | eps 0.010 | ep_return    9.74 | ep_len     54 | updates   57,000 |   354 step/s
[train] step   250,000/1,000,000 | eps 0.010 | ep_return    9.72 | ep_len     53 | updates   57,500 |   354 step/s
[train] step   252,000/1,000,000 | eps 0.010 | ep_return    9.83 | ep_len     54 | updates   58,000 |   354 step/s
[train] step   254,000/1,000,000 | eps 0.010 | ep_return    9.97 | ep_len     54 | updates   58,500 |   354 step/s
[train] step   256,000/1,000,000 | eps 0.010 | ep_return   10.03 | ep_len     55 | updates   59,000 |   354 step/s
[train] step   258,000/1,000,000 | eps 0.010 | ep_return   10.13 | ep_len     55 | updates   59,500 |   354 step/s
[train] step   260,000/1,000,000 | eps 0.010 | ep_return   10.25 | ep_len     56 | updates   60,000 |   354 step/s
[train] step   262,000/1,000,000 | eps 0.010 | ep_return   10.45 | ep_len     56 | updates   60,500 |   354 step/s
[train] step   264,000/1,000,000 | eps 0.010 | ep_return   10.41 | ep_len     56 | updates   61,000 |   354 step/s
[train] step   266,000/1,000,000 | eps 0.010 | ep_return   10.32 | ep_len     56 | updates   61,500 |   354 step/s
[train] step   268,000/1,000,000 | eps 0.010 | ep_return   10.13 | ep_len     55 | updates   62,000 |   354 step/s
[train] step   270,000/1,000,000 | eps 0.010 | ep_return   10.19 | ep_len     55 | updates   62,500 |   354 step/s
[train] step   272,000/1,000,000 | eps 0.010 | ep_return   10.37 | ep_len     56 | updates   63,000 |   354 step/s
[train] step   274,000/1,000,000 | eps 0.010 | ep_return   10.47 | ep_len     56 | updates   63,500 |   354 step/s
[train] step   276,000/1,000,000 | eps 0.010 | ep_return   10.86 | ep_len     58 | updates   64,000 |   354 step/s
[train] step   278,000/1,000,000 | eps 0.010 | ep_return   10.85 | ep_len     58 | updates   64,500 |   354 step/s
[train] step   280,000/1,000,000 | eps 0.010 | ep_return   10.97 | ep_len     58 | updates   65,000 |   354 step/s
[train] step   282,000/1,000,000 | eps 0.010 | ep_return   10.81 | ep_len     58 | updates   65,500 |   354 step/s
[train] step   284,000/1,000,000 | eps 0.010 | ep_return   10.77 | ep_len     57 | updates   66,000 |   353 step/s
[train] step   286,000/1,000,000 | eps 0.010 | ep_return   11.03 | ep_len     58 | updates   66,500 |   353 step/s
[train] step   288,000/1,000,000 | eps 0.010 | ep_return   11.01 | ep_len     58 | updates   67,000 |   353 step/s
[train] step   290,000/1,000,000 | eps 0.010 | ep_return   11.11 | ep_len     59 | updates   67,500 |   353 step/s
[train] step   292,000/1,000,000 | eps 0.010 | ep_return   11.13 | ep_len     59 | updates   68,000 |   353 step/s
[train] step   294,000/1,000,000 | eps 0.010 | ep_return   11.07 | ep_len     59 | updates   68,500 |   353 step/s
[train] step   296,000/1,000,000 | eps 0.010 | ep_return   11.16 | ep_len     59 | updates   69,000 |   353 step/s
[train] step   298,000/1,000,000 | eps 0.010 | ep_return   10.84 | ep_len     58 | updates   69,500 |   353 step/s
[train] step   300,000/1,000,000 | eps 0.010 | ep_return   11.37 | ep_len     60 | updates   70,000 |   353 step/s
[eval ] step 300,000 | return 11.88 +/- 2.77
[eval ] new best (11.88) -> visual_dqn_flappy_best.pt
[train] step   302,000/1,000,000 | eps 0.010 | ep_return   11.54 | ep_len     60 | updates   70,500 |   353 step/s
[train] step   304,000/1,000,000 | eps 0.010 | ep_return   11.93 | ep_len     62 | updates   71,000 |   353 step/s
[train] step   306,000/1,000,000 | eps 0.010 | ep_return   11.58 | ep_len     60 | updates   71,500 |   353 step/s
[train] step   308,000/1,000,000 | eps 0.010 | ep_return   11.67 | ep_len     61 | updates   72,000 |   353 step/s
[train] step   310,000/1,000,000 | eps 0.010 | ep_return   11.59 | ep_len     60 | updates   72,500 |   353 step/s
[train] step   312,000/1,000,000 | eps 0.010 | ep_return   11.62 | ep_len     61 | updates   73,000 |   353 step/s
[train] step   314,000/1,000,000 | eps 0.010 | ep_return   11.69 | ep_len     61 | updates   73,500 |   353 step/s
[train] step   316,000/1,000,000 | eps 0.010 | ep_return   11.42 | ep_len     60 | updates   74,000 |   353 step/s
[train] step   318,000/1,000,000 | eps 0.010 | ep_return   11.45 | ep_len     60 | updates   74,500 |   353 step/s
[train] step   320,000/1,000,000 | eps 0.010 | ep_return   11.30 | ep_len     60 | updates   75,000 |   353 step/s
[train] step   322,000/1,000,000 | eps 0.010 | ep_return   11.06 | ep_len     59 | updates   75,500 |   353 step/s
[train] step   324,000/1,000,000 | eps 0.010 | ep_return   10.99 | ep_len     58 | updates   76,000 |   353 step/s
[train] step   326,000/1,000,000 | eps 0.010 | ep_return   11.17 | ep_len     59 | updates   76,500 |   353 step/s
[train] step   328,000/1,000,000 | eps 0.010 | ep_return   11.78 | ep_len     61 | updates   77,000 |   353 step/s
[train] step   330,000/1,000,000 | eps 0.010 | ep_return   12.14 | ep_len     63 | updates   77,500 |   353 step/s
[train] step   332,000/1,000,000 | eps 0.010 | ep_return   12.20 | ep_len     63 | updates   78,000 |   353 step/s
[train] step   334,000/1,000,000 | eps 0.010 | ep_return   12.42 | ep_len     64 | updates   78,500 |   353 step/s
[train] step   336,000/1,000,000 | eps 0.010 | ep_return   12.95 | ep_len     66 | updates   79,000 |   353 step/s
[train] step   338,000/1,000,000 | eps 0.010 | ep_return   13.46 | ep_len     68 | updates   79,500 |   353 step/s
[train] step   340,000/1,000,000 | eps 0.010 | ep_return   13.41 | ep_len     68 | updates   80,000 |   353 step/s
[train] step   342,000/1,000,000 | eps 0.010 | ep_return   13.02 | ep_len     66 | updates   80,500 |   353 step/s
[train] step   344,000/1,000,000 | eps 0.010 | ep_return   12.10 | ep_len     63 | updates   81,000 |   353 step/s
[train] step   346,000/1,000,000 | eps 0.010 | ep_return   12.36 | ep_len     63 | updates   81,500 |   353 step/s
[train] step   348,000/1,000,000 | eps 0.010 | ep_return   12.19 | ep_len     63 | updates   82,000 |   353 step/s
[train] step   350,000/1,000,000 | eps 0.010 | ep_return   13.14 | ep_len     66 | updates   82,500 |   353 step/s
[train] step   352,000/1,000,000 | eps 0.010 | ep_return   12.83 | ep_len     65 | updates   83,000 |   353 step/s
[train] step   354,000/1,000,000 | eps 0.010 | ep_return   13.36 | ep_len     67 | updates   83,500 |   353 step/s
[train] step   356,000/1,000,000 | eps 0.010 | ep_return   14.48 | ep_len     72 | updates   84,000 |   353 step/s
[train] step   358,000/1,000,000 | eps 0.010 | ep_return   14.29 | ep_len     71 | updates   84,500 |   353 step/s
[train] step   360,000/1,000,000 | eps 0.010 | ep_return   14.54 | ep_len     72 | updates   85,000 |   353 step/s
[train] step   362,000/1,000,000 | eps 0.010 | ep_return   14.46 | ep_len     72 | updates   85,500 |   353 step/s
[train] step   364,000/1,000,000 | eps 0.010 | ep_return   14.61 | ep_len     73 | updates   86,000 |   353 step/s
[train] step   366,000/1,000,000 | eps 0.010 | ep_return   15.67 | ep_len     77 | updates   86,500 |   353 step/s
[train] step   368,000/1,000,000 | eps 0.010 | ep_return   17.38 | ep_len     84 | updates   87,000 |   353 step/s
[train] step   370,000/1,000,000 | eps 0.010 | ep_return   17.13 | ep_len     83 | updates   87,500 |   354 step/s
[train] step   372,000/1,000,000 | eps 0.010 | ep_return   17.53 | ep_len     84 | updates   88,000 |   354 step/s
[train] step   374,000/1,000,000 | eps 0.010 | ep_return   17.14 | ep_len     83 | updates   88,500 |   354 step/s
[train] step   376,000/1,000,000 | eps 0.010 | ep_return   15.91 | ep_len     78 | updates   89,000 |   354 step/s
[train] step   378,000/1,000,000 | eps 0.010 | ep_return   16.64 | ep_len     81 | updates   89,500 |   354 step/s
[train] step   380,000/1,000,000 | eps 0.010 | ep_return   16.81 | ep_len     82 | updates   90,000 |   354 step/s
[train] step   382,000/1,000,000 | eps 0.010 | ep_return   17.21 | ep_len     83 | updates   90,500 |   354 step/s
[train] step   384,000/1,000,000 | eps 0.010 | ep_return   17.69 | ep_len     85 | updates   91,000 |   354 step/s
[train] step   386,000/1,000,000 | eps 0.010 | ep_return   18.19 | ep_len     87 | updates   91,500 |   354 step/s
[train] step   388,000/1,000,000 | eps 0.010 | ep_return   18.22 | ep_len     87 | updates   92,000 |   354 step/s
[train] step   390,000/1,000,000 | eps 0.010 | ep_return   18.82 | ep_len     90 | updates   92,500 |   354 step/s
[train] step   392,000/1,000,000 | eps 0.010 | ep_return   17.99 | ep_len     86 | updates   93,000 |   354 step/s
[train] step   394,000/1,000,000 | eps 0.010 | ep_return   17.73 | ep_len     85 | updates   93,500 |   354 step/s
[train] step   396,000/1,000,000 | eps 0.010 | ep_return   18.65 | ep_len     89 | updates   94,000 |   354 step/s
[train] step   398,000/1,000,000 | eps 0.010 | ep_return   19.26 | ep_len     91 | updates   94,500 |   354 step/s
[train] step   400,000/1,000,000 | eps 0.010 | ep_return   20.14 | ep_len     95 | updates   95,000 |   354 step/s
[eval ] step 400,000 | return 16.68 +/- 7.44
[eval ] new best (16.68) -> visual_dqn_flappy_best.pt
[train] step   402,000/1,000,000 | eps 0.010 | ep_return   21.77 | ep_len    102 | updates   95,500 |   353 step/s
[train] step   404,000/1,000,000 | eps 0.010 | ep_return   21.22 | ep_len     99 | updates   96,000 |   353 step/s
[train] step   406,000/1,000,000 | eps 0.010 | ep_return   19.73 | ep_len     93 | updates   96,500 |   353 step/s
[train] step   408,000/1,000,000 | eps 0.010 | ep_return   20.30 | ep_len     96 | updates   97,000 |   353 step/s
[train] step   410,000/1,000,000 | eps 0.010 | ep_return   19.42 | ep_len     92 | updates   97,500 |   353 step/s
[train] step   412,000/1,000,000 | eps 0.010 | ep_return   18.97 | ep_len     90 | updates   98,000 |   353 step/s
[train] step   414,000/1,000,000 | eps 0.010 | ep_return   19.53 | ep_len     92 | updates   98,500 |   353 step/s
[train] step   416,000/1,000,000 | eps 0.010 | ep_return   19.29 | ep_len     92 | updates   99,000 |   353 step/s
[train] step   418,000/1,000,000 | eps 0.010 | ep_return   17.60 | ep_len     85 | updates   99,500 |   353 step/s
[train] step   420,000/1,000,000 | eps 0.010 | ep_return   18.05 | ep_len     87 | updates  100,000 |   353 step/s
[train] step   422,000/1,000,000 | eps 0.010 | ep_return   16.71 | ep_len     81 | updates  100,500 |   353 step/s
[train] step   424,000/1,000,000 | eps 0.010 | ep_return   17.59 | ep_len     85 | updates  101,000 |   353 step/s
[train] step   426,000/1,000,000 | eps 0.010 | ep_return   18.00 | ep_len     87 | updates  101,500 |   353 step/s
[train] step   428,000/1,000,000 | eps 0.010 | ep_return   19.19 | ep_len     91 | updates  102,000 |   353 step/s
[train] step   430,000/1,000,000 | eps 0.010 | ep_return   20.20 | ep_len     96 | updates  102,500 |   353 step/s
[train] step   432,000/1,000,000 | eps 0.010 | ep_return   21.53 | ep_len    101 | updates  103,000 |   353 step/s
[train] step   434,000/1,000,000 | eps 0.010 | ep_return   21.30 | ep_len    100 | updates  103,500 |   353 step/s
[train] step   436,000/1,000,000 | eps 0.010 | ep_return   22.07 | ep_len    103 | updates  104,000 |   353 step/s
[train] step   438,000/1,000,000 | eps 0.010 | ep_return   21.54 | ep_len    101 | updates  104,500 |   353 step/s
[train] step   440,000/1,000,000 | eps 0.010 | ep_return   21.19 | ep_len     99 | updates  105,000 |   353 step/s
[train] step   442,000/1,000,000 | eps 0.010 | ep_return   20.62 | ep_len     97 | updates  105,500 |   353 step/s
[train] step   444,000/1,000,000 | eps 0.010 | ep_return   21.37 | ep_len    100 | updates  106,000 |   353 step/s
[train] step   446,000/1,000,000 | eps 0.010 | ep_return   22.68 | ep_len    106 | updates  106,500 |   353 step/s
[train] step   448,000/1,000,000 | eps 0.010 | ep_return   22.03 | ep_len    103 | updates  107,000 |   353 step/s
[train] step   450,000/1,000,000 | eps 0.010 | ep_return   22.31 | ep_len    104 | updates  107,500 |   353 step/s
[train] step   452,000/1,000,000 | eps 0.010 | ep_return   23.43 | ep_len    109 | updates  108,000 |   353 step/s
[train] step   454,000/1,000,000 | eps 0.010 | ep_return   24.23 | ep_len    112 | updates  108,500 |   353 step/s
[train] step   456,000/1,000,000 | eps 0.010 | ep_return   25.86 | ep_len    118 | updates  109,000 |   353 step/s
[train] step   458,000/1,000,000 | eps 0.010 | ep_return   25.99 | ep_len    119 | updates  109,500 |   353 step/s
[train] step   460,000/1,000,000 | eps 0.010 | ep_return   25.60 | ep_len    117 | updates  110,000 |   353 step/s
[train] step   462,000/1,000,000 | eps 0.010 | ep_return   25.43 | ep_len    117 | updates  110,500 |   353 step/s
[train] step   464,000/1,000,000 | eps 0.010 | ep_return   26.32 | ep_len    120 | updates  111,000 |   353 step/s
[train] step   466,000/1,000,000 | eps 0.010 | ep_return   26.35 | ep_len    120 | updates  111,500 |   353 step/s
[train] step   468,000/1,000,000 | eps 0.010 | ep_return   24.68 | ep_len    114 | updates  112,000 |   353 step/s
[train] step   470,000/1,000,000 | eps 0.010 | ep_return   24.67 | ep_len    114 | updates  112,500 |   353 step/s
[train] step   472,000/1,000,000 | eps 0.010 | ep_return   26.19 | ep_len    120 | updates  113,000 |   353 step/s
[train] step   474,000/1,000,000 | eps 0.010 | ep_return   27.44 | ep_len    125 | updates  113,500 |   353 step/s
[train] step   476,000/1,000,000 | eps 0.010 | ep_return   27.01 | ep_len    123 | updates  114,000 |   353 step/s
[train] step   478,000/1,000,000 | eps 0.010 | ep_return   28.21 | ep_len    128 | updates  114,500 |   353 step/s
[train] step   480,000/1,000,000 | eps 0.010 | ep_return   30.51 | ep_len    137 | updates  115,000 |   353 step/s
[train] step   482,000/1,000,000 | eps 0.010 | ep_return   31.80 | ep_len    142 | updates  115,500 |   353 step/s
[train] step   484,000/1,000,000 | eps 0.010 | ep_return   32.46 | ep_len    145 | updates  116,000 |   353 step/s
[train] step   486,000/1,000,000 | eps 0.010 | ep_return   32.58 | ep_len    145 | updates  116,500 |   353 step/s
[train] step   488,000/1,000,000 | eps 0.010 | ep_return   31.64 | ep_len    141 | updates  117,000 |   353 step/s
[train] step   490,000/1,000,000 | eps 0.010 | ep_return   32.53 | ep_len    145 | updates  117,500 |   353 step/s
[train] step   492,000/1,000,000 | eps 0.010 | ep_return   29.76 | ep_len    134 | updates  118,000 |   353 step/s
[train] step   494,000/1,000,000 | eps 0.010 | ep_return   29.69 | ep_len    134 | updates  118,500 |   353 step/s
[train] step   496,000/1,000,000 | eps 0.010 | ep_return   28.55 | ep_len    129 | updates  119,000 |   353 step/s
[train] step   498,000/1,000,000 | eps 0.010 | ep_return   27.87 | ep_len    126 | updates  119,500 |   353 step/s
[train] step   500,000/1,000,000 | eps 0.010 | ep_return   29.58 | ep_len    133 | updates  120,000 |   353 step/s
[eval ] step 500,000 | return 39.48 +/- 22.24
[eval ] new best (39.48) -> visual_dqn_flappy_best.pt
[train] step   502,000/1,000,000 | eps 0.010 | ep_return   27.66 | ep_len    125 | updates  120,500 |   352 step/s
[train] step   504,000/1,000,000 | eps 0.010 | ep_return   28.43 | ep_len    128 | updates  121,000 |   352 step/s
[train] step   506,000/1,000,000 | eps 0.010 | ep_return   28.75 | ep_len    130 | updates  121,500 |   352 step/s
[train] step   508,000/1,000,000 | eps 0.010 | ep_return   28.52 | ep_len    129 | updates  122,000 |   352 step/s
[train] step   510,000/1,000,000 | eps 0.010 | ep_return   29.11 | ep_len    131 | updates  122,500 |   352 step/s
[train] step   512,000/1,000,000 | eps 0.010 | ep_return   27.01 | ep_len    123 | updates  123,000 |   352 step/s
[train] step   514,000/1,000,000 | eps 0.010 | ep_return   27.04 | ep_len    123 | updates  123,500 |   352 step/s
[train] step   516,000/1,000,000 | eps 0.010 | ep_return   27.28 | ep_len    124 | updates  124,000 |   352 step/s
[train] step   518,000/1,000,000 | eps 0.010 | ep_return   25.94 | ep_len    118 | updates  124,500 |   352 step/s
[train] step   520,000/1,000,000 | eps 0.010 | ep_return   24.97 | ep_len    114 | updates  125,000 |   352 step/s
[train] step   522,000/1,000,000 | eps 0.010 | ep_return   23.60 | ep_len    109 | updates  125,500 |   352 step/s
[train] step   524,000/1,000,000 | eps 0.010 | ep_return   24.77 | ep_len    114 | updates  126,000 |   352 step/s
[train] step   526,000/1,000,000 | eps 0.010 | ep_return   25.00 | ep_len    115 | updates  126,500 |   352 step/s
[train] step   528,000/1,000,000 | eps 0.010 | ep_return   25.22 | ep_len    115 | updates  127,000 |   352 step/s
[train] step   530,000/1,000,000 | eps 0.010 | ep_return   26.12 | ep_len    119 | updates  127,500 |   352 step/s
[train] step   532,000/1,000,000 | eps 0.010 | ep_return   27.31 | ep_len    124 | updates  128,000 |   352 step/s
[train] step   534,000/1,000,000 | eps 0.010 | ep_return   29.05 | ep_len    131 | updates  128,500 |   352 step/s
[train] step   536,000/1,000,000 | eps 0.010 | ep_return   29.28 | ep_len    132 | updates  129,000 |   352 step/s
[train] step   538,000/1,000,000 | eps 0.010 | ep_return   29.71 | ep_len    134 | updates  129,500 |   352 step/s
[train] step   540,000/1,000,000 | eps 0.010 | ep_return   29.36 | ep_len    132 | updates  130,000 |   352 step/s
[train] step   542,000/1,000,000 | eps 0.010 | ep_return   30.62 | ep_len    138 | updates  130,500 |   352 step/s
[train] step   544,000/1,000,000 | eps 0.010 | ep_return   30.01 | ep_len    135 | updates  131,000 |   352 step/s
[train] step   546,000/1,000,000 | eps 0.010 | ep_return   31.16 | ep_len    140 | updates  131,500 |   352 step/s
[train] step   548,000/1,000,000 | eps 0.010 | ep_return   29.14 | ep_len    131 | updates  132,000 |   352 step/s
[train] step   550,000/1,000,000 | eps 0.010 | ep_return   29.00 | ep_len    131 | updates  132,500 |   352 step/s
[train] step   552,000/1,000,000 | eps 0.010 | ep_return   29.92 | ep_len    134 | updates  133,000 |   352 step/s
[train] step   554,000/1,000,000 | eps 0.010 | ep_return   31.22 | ep_len    140 | updates  133,500 |   352 step/s
[train] step   556,000/1,000,000 | eps 0.010 | ep_return   31.28 | ep_len    140 | updates  134,000 |   352 step/s
[train] step   558,000/1,000,000 | eps 0.010 | ep_return   33.20 | ep_len    148 | updates  134,500 |   352 step/s
[train] step   560,000/1,000,000 | eps 0.010 | ep_return   31.14 | ep_len    139 | updates  135,000 |   352 step/s
[train] step   562,000/1,000,000 | eps 0.010 | ep_return   31.68 | ep_len    141 | updates  135,500 |   352 step/s
[train] step   564,000/1,000,000 | eps 0.010 | ep_return   30.76 | ep_len    138 | updates  136,000 |   352 step/s
[train] step   566,000/1,000,000 | eps 0.010 | ep_return   28.83 | ep_len    130 | updates  136,500 |   352 step/s
[train] step   568,000/1,000,000 | eps 0.010 | ep_return   29.18 | ep_len    131 | updates  137,000 |   352 step/s
[train] step   570,000/1,000,000 | eps 0.010 | ep_return   28.75 | ep_len    130 | updates  137,500 |   352 step/s
[train] step   572,000/1,000,000 | eps 0.010 | ep_return   29.22 | ep_len    132 | updates  138,000 |   352 step/s
[train] step   574,000/1,000,000 | eps 0.010 | ep_return   28.53 | ep_len    129 | updates  138,500 |   352 step/s
[train] step   576,000/1,000,000 | eps 0.010 | ep_return   31.01 | ep_len    139 | updates  139,000 |   352 step/s
[train] step   578,000/1,000,000 | eps 0.010 | ep_return   31.91 | ep_len    142 | updates  139,500 |   352 step/s
[train] step   580,000/1,000,000 | eps 0.010 | ep_return   32.32 | ep_len    144 | updates  140,000 |   352 step/s
[train] step   582,000/1,000,000 | eps 0.010 | ep_return   31.71 | ep_len    142 | updates  140,500 |   352 step/s
[train] step   584,000/1,000,000 | eps 0.010 | ep_return   32.65 | ep_len    145 | updates  141,000 |   352 step/s
[train] step   586,000/1,000,000 | eps 0.010 | ep_return   31.75 | ep_len    142 | updates  141,500 |   352 step/s
[train] step   588,000/1,000,000 | eps 0.010 | ep_return   31.48 | ep_len    140 | updates  142,000 |   351 step/s
[train] step   590,000/1,000,000 | eps 0.010 | ep_return   30.25 | ep_len    136 | updates  142,500 |   351 step/s
[train] step   592,000/1,000,000 | eps 0.010 | ep_return   29.24 | ep_len    132 | updates  143,000 |   351 step/s
[train] step   594,000/1,000,000 | eps 0.010 | ep_return   29.65 | ep_len    133 | updates  143,500 |   351 step/s
[train] step   596,000/1,000,000 | eps 0.010 | ep_return   29.03 | ep_len    131 | updates  144,000 |   351 step/s
[train] step   598,000/1,000,000 | eps 0.010 | ep_return   30.16 | ep_len    135 | updates  144,500 |   351 step/s
[train] step   600,000/1,000,000 | eps 0.010 | ep_return   29.99 | ep_len    135 | updates  145,000 |   351 step/s
[eval ] step 600,000 | return 52.40 +/- 30.69
[eval ] new best (52.40) -> visual_dqn_flappy_best.pt
[train] step   602,000/1,000,000 | eps 0.010 | ep_return   30.42 | ep_len    136 | updates  145,500 |   351 step/s
[train] step   604,000/1,000,000 | eps 0.010 | ep_return   30.82 | ep_len    138 | updates  146,000 |   351 step/s
[train] step   606,000/1,000,000 | eps 0.010 | ep_return   32.18 | ep_len    143 | updates  146,500 |   351 step/s
[train] step   608,000/1,000,000 | eps 0.010 | ep_return   32.73 | ep_len    146 | updates  147,000 |   351 step/s
[train] step   610,000/1,000,000 | eps 0.010 | ep_return   32.65 | ep_len    145 | updates  147,500 |   351 step/s
[train] step   612,000/1,000,000 | eps 0.010 | ep_return   33.16 | ep_len    148 | updates  148,000 |   351 step/s
[train] step   614,000/1,000,000 | eps 0.010 | ep_return   33.90 | ep_len    151 | updates  148,500 |   351 step/s
[train] step   616,000/1,000,000 | eps 0.010 | ep_return   35.14 | ep_len    156 | updates  149,000 |   351 step/s
[train] step   618,000/1,000,000 | eps 0.010 | ep_return   36.41 | ep_len    161 | updates  149,500 |   351 step/s
[train] step   620,000/1,000,000 | eps 0.010 | ep_return   34.54 | ep_len    153 | updates  150,000 |   351 step/s
[train] step   622,000/1,000,000 | eps 0.010 | ep_return   34.30 | ep_len    152 | updates  150,500 |   351 step/s
[train] step   624,000/1,000,000 | eps 0.010 | ep_return   35.08 | ep_len    155 | updates  151,000 |   351 step/s
[train] step   626,000/1,000,000 | eps 0.010 | ep_return   34.45 | ep_len    153 | updates  151,500 |   351 step/s
[train] step   628,000/1,000,000 | eps 0.010 | ep_return   33.25 | ep_len    148 | updates  152,000 |   351 step/s
[train] step   630,000/1,000,000 | eps 0.010 | ep_return   32.80 | ep_len    146 | updates  152,500 |   351 step/s
[train] step   632,000/1,000,000 | eps 0.010 | ep_return   31.88 | ep_len    142 | updates  153,000 |   351 step/s
[train] step   634,000/1,000,000 | eps 0.010 | ep_return   32.91 | ep_len    147 | updates  153,500 |   351 step/s
[train] step   636,000/1,000,000 | eps 0.010 | ep_return   30.79 | ep_len    138 | updates  154,000 |   350 step/s
[train] step   638,000/1,000,000 | eps 0.010 | ep_return   32.53 | ep_len    145 | updates  154,500 |   350 step/s
[train] step   640,000/1,000,000 | eps 0.010 | ep_return   33.11 | ep_len    148 | updates  155,000 |   350 step/s
[train] step   642,000/1,000,000 | eps 0.010 | ep_return   33.93 | ep_len    151 | updates  155,500 |   350 step/s
[train] step   644,000/1,000,000 | eps 0.010 | ep_return   33.57 | ep_len    149 | updates  156,000 |   350 step/s
[train] step   646,000/1,000,000 | eps 0.010 | ep_return   32.96 | ep_len    147 | updates  156,500 |   350 step/s
[train] step   648,000/1,000,000 | eps 0.010 | ep_return   33.57 | ep_len    149 | updates  157,000 |   350 step/s
[train] step   650,000/1,000,000 | eps 0.010 | ep_return   34.04 | ep_len    151 | updates  157,500 |   350 step/s
[train] step   652,000/1,000,000 | eps 0.010 | ep_return   33.05 | ep_len    147 | updates  158,000 |   350 step/s
[train] step   654,000/1,000,000 | eps 0.010 | ep_return   33.89 | ep_len    151 | updates  158,500 |   350 step/s
[train] step   656,000/1,000,000 | eps 0.010 | ep_return   33.89 | ep_len    151 | updates  159,000 |   350 step/s
[train] step   658,000/1,000,000 | eps 0.010 | ep_return   34.43 | ep_len    153 | updates  159,500 |   350 step/s
[train] step   660,000/1,000,000 | eps 0.010 | ep_return   35.42 | ep_len    157 | updates  160,000 |   350 step/s
[train] step   662,000/1,000,000 | eps 0.010 | ep_return   33.84 | ep_len    150 | updates  160,500 |   350 step/s
[train] step   664,000/1,000,000 | eps 0.010 | ep_return   34.39 | ep_len    153 | updates  161,000 |   350 step/s
[train] step   666,000/1,000,000 | eps 0.010 | ep_return   34.76 | ep_len    154 | updates  161,500 |   350 step/s
[train] step   668,000/1,000,000 | eps 0.010 | ep_return   33.66 | ep_len    150 | updates  162,000 |   350 step/s
[train] step   670,000/1,000,000 | eps 0.010 | ep_return   33.24 | ep_len    148 | updates  162,500 |   350 step/s
[train] step   672,000/1,000,000 | eps 0.010 | ep_return   33.40 | ep_len    149 | updates  163,000 |   350 step/s
[train] step   674,000/1,000,000 | eps 0.010 | ep_return   36.41 | ep_len    161 | updates  163,500 |   350 step/s
[train] step   676,000/1,000,000 | eps 0.010 | ep_return   36.66 | ep_len    162 | updates  164,000 |   350 step/s
[train] step   678,000/1,000,000 | eps 0.010 | ep_return   36.15 | ep_len    160 | updates  164,500 |   350 step/s
[train] step   680,000/1,000,000 | eps 0.010 | ep_return   37.54 | ep_len    165 | updates  165,000 |   350 step/s
[train] step   682,000/1,000,000 | eps 0.010 | ep_return   38.26 | ep_len    168 | updates  165,500 |   350 step/s
[train] step   684,000/1,000,000 | eps 0.010 | ep_return   38.97 | ep_len    171 | updates  166,000 |   350 step/s
[train] step   686,000/1,000,000 | eps 0.010 | ep_return   38.31 | ep_len    169 | updates  166,500 |   350 step/s
[train] step   688,000/1,000,000 | eps 0.010 | ep_return   37.00 | ep_len    163 | updates  167,000 |   350 step/s
[train] step   690,000/1,000,000 | eps 0.010 | ep_return   32.82 | ep_len    146 | updates  167,500 |   350 step/s
[train] step   692,000/1,000,000 | eps 0.010 | ep_return   34.05 | ep_len    151 | updates  168,000 |   350 step/s
[train] step   694,000/1,000,000 | eps 0.010 | ep_return   32.75 | ep_len    146 | updates  168,500 |   350 step/s
[train] step   696,000/1,000,000 | eps 0.010 | ep_return   29.98 | ep_len    135 | updates  169,000 |   350 step/s
[train] step   698,000/1,000,000 | eps 0.010 | ep_return   29.43 | ep_len    133 | updates  169,500 |   350 step/s
[train] step   700,000/1,000,000 | eps 0.010 | ep_return   30.75 | ep_len    138 | updates  170,000 |   350 step/s
[eval ] step 700,000 | return 79.86 +/- 86.34
[eval ] new best (79.86) -> visual_dqn_flappy_best.pt
[train] step   702,000/1,000,000 | eps 0.010 | ep_return   31.94 | ep_len    143 | updates  170,500 |   350 step/s
[train] step   704,000/1,000,000 | eps 0.010 | ep_return   33.12 | ep_len    148 | updates  171,000 |   350 step/s
[train] step   706,000/1,000,000 | eps 0.010 | ep_return   33.87 | ep_len    151 | updates  171,500 |   350 step/s
[train] step   708,000/1,000,000 | eps 0.010 | ep_return   33.67 | ep_len    150 | updates  172,000 |   350 step/s
[train] step   710,000/1,000,000 | eps 0.010 | ep_return   33.96 | ep_len    151 | updates  172,500 |   350 step/s
[train] step   712,000/1,000,000 | eps 0.010 | ep_return   32.86 | ep_len    146 | updates  173,000 |   350 step/s
[train] step   714,000/1,000,000 | eps 0.010 | ep_return   32.30 | ep_len    144 | updates  173,500 |   350 step/s
[train] step   716,000/1,000,000 | eps 0.010 | ep_return   32.04 | ep_len    143 | updates  174,000 |   350 step/s
[train] step   718,000/1,000,000 | eps 0.010 | ep_return   31.73 | ep_len    142 | updates  174,500 |   350 step/s
[train] step   720,000/1,000,000 | eps 0.010 | ep_return   30.67 | ep_len    137 | updates  175,000 |   350 step/s
[train] step   722,000/1,000,000 | eps 0.010 | ep_return   30.70 | ep_len    137 | updates  175,500 |   350 step/s
[train] step   724,000/1,000,000 | eps 0.010 | ep_return   30.32 | ep_len    136 | updates  176,000 |   350 step/s
[train] step   726,000/1,000,000 | eps 0.010 | ep_return   31.25 | ep_len    139 | updates  176,500 |   350 step/s
[train] step   728,000/1,000,000 | eps 0.010 | ep_return   32.17 | ep_len    143 | updates  177,000 |   350 step/s
[train] step   730,000/1,000,000 | eps 0.010 | ep_return   31.84 | ep_len    142 | updates  177,500 |   350 step/s
[train] step   732,000/1,000,000 | eps 0.010 | ep_return   33.30 | ep_len    148 | updates  178,000 |   350 step/s
[train] step   734,000/1,000,000 | eps 0.010 | ep_return   35.74 | ep_len    158 | updates  178,500 |   350 step/s
[train] step   736,000/1,000,000 | eps 0.010 | ep_return   36.03 | ep_len    159 | updates  179,000 |   350 step/s
[train] step   738,000/1,000,000 | eps 0.010 | ep_return   37.91 | ep_len    166 | updates  179,500 |   350 step/s
[train] step   740,000/1,000,000 | eps 0.010 | ep_return   38.38 | ep_len    168 | updates  180,000 |   350 step/s
[train] step   742,000/1,000,000 | eps 0.010 | ep_return   37.67 | ep_len    166 | updates  180,500 |   350 step/s
[train] step   744,000/1,000,000 | eps 0.010 | ep_return   39.54 | ep_len    173 | updates  181,000 |   350 step/s
[train] step   746,000/1,000,000 | eps 0.010 | ep_return   41.66 | ep_len    182 | updates  181,500 |   350 step/s
[train] step   748,000/1,000,000 | eps 0.010 | ep_return   43.74 | ep_len    190 | updates  182,000 |   350 step/s
[train] step   750,000/1,000,000 | eps 0.010 | ep_return   41.69 | ep_len    182 | updates  182,500 |   350 step/s
[train] step   752,000/1,000,000 | eps 0.010 | ep_return   39.75 | ep_len    174 | updates  183,000 |   350 step/s
[train] step   754,000/1,000,000 | eps 0.010 | ep_return   39.69 | ep_len    174 | updates  183,500 |   350 step/s
[train] step   756,000/1,000,000 | eps 0.010 | ep_return   38.27 | ep_len    168 | updates  184,000 |   350 step/s
[train] step   758,000/1,000,000 | eps 0.010 | ep_return   38.85 | ep_len    171 | updates  184,500 |   350 step/s
[train] step   760,000/1,000,000 | eps 0.010 | ep_return   38.70 | ep_len    170 | updates  185,000 |   350 step/s
[train] step   762,000/1,000,000 | eps 0.010 | ep_return   36.15 | ep_len    160 | updates  185,500 |   350 step/s
[train] step   764,000/1,000,000 | eps 0.010 | ep_return   35.73 | ep_len    158 | updates  186,000 |   350 step/s
[train] step   766,000/1,000,000 | eps 0.010 | ep_return   37.10 | ep_len    164 | updates  186,500 |   350 step/s
[train] step   768,000/1,000,000 | eps 0.010 | ep_return   36.53 | ep_len    161 | updates  187,000 |   350 step/s
[train] step   770,000/1,000,000 | eps 0.010 | ep_return   36.38 | ep_len    161 | updates  187,500 |   350 step/s
[train] step   772,000/1,000,000 | eps 0.010 | ep_return   37.74 | ep_len    166 | updates  188,000 |   350 step/s
[train] step   774,000/1,000,000 | eps 0.010 | ep_return   37.13 | ep_len    164 | updates  188,500 |   350 step/s
[train] step   776,000/1,000,000 | eps 0.010 | ep_return   38.33 | ep_len    169 | updates  189,000 |   350 step/s
[train] step   778,000/1,000,000 | eps 0.010 | ep_return   37.27 | ep_len    164 | updates  189,500 |   350 step/s
[train] step   780,000/1,000,000 | eps 0.010 | ep_return   37.25 | ep_len    164 | updates  190,000 |   350 step/s
[train] step   782,000/1,000,000 | eps 0.010 | ep_return   35.62 | ep_len    157 | updates  190,500 |   350 step/s
[train] step   784,000/1,000,000 | eps 0.010 | ep_return   35.55 | ep_len    157 | updates  191,000 |   350 step/s
[train] step   786,000/1,000,000 | eps 0.010 | ep_return   37.26 | ep_len    164 | updates  191,500 |   350 step/s
[train] step   788,000/1,000,000 | eps 0.010 | ep_return   36.02 | ep_len    159 | updates  192,000 |   350 step/s
[train] step   790,000/1,000,000 | eps 0.010 | ep_return   35.47 | ep_len    157 | updates  192,500 |   350 step/s
[train] step   792,000/1,000,000 | eps 0.010 | ep_return   34.84 | ep_len    154 | updates  193,000 |   350 step/s
[train] step   794,000/1,000,000 | eps 0.010 | ep_return   34.84 | ep_len    154 | updates  193,500 |   350 step/s
[train] step   796,000/1,000,000 | eps 0.010 | ep_return   35.24 | ep_len    156 | updates  194,000 |   350 step/s
[train] step   798,000/1,000,000 | eps 0.010 | ep_return   37.30 | ep_len    164 | updates  194,500 |   350 step/s
[train] step   800,000/1,000,000 | eps 0.010 | ep_return   36.50 | ep_len    161 | updates  195,000 |   350 step/s
[eval ] step 800,000 | return 82.38 +/- 28.81
[eval ] new best (82.38) -> visual_dqn_flappy_best.pt
[train] step   802,000/1,000,000 | eps 0.010 | ep_return   35.01 | ep_len    155 | updates  195,500 |   349 step/s
[train] step   804,000/1,000,000 | eps 0.010 | ep_return   35.24 | ep_len    156 | updates  196,000 |   349 step/s
[train] step   806,000/1,000,000 | eps 0.010 | ep_return   37.66 | ep_len    166 | updates  196,500 |   349 step/s
[train] step   808,000/1,000,000 | eps 0.010 | ep_return   36.75 | ep_len    162 | updates  197,000 |   349 step/s
[train] step   810,000/1,000,000 | eps 0.010 | ep_return   37.65 | ep_len    166 | updates  197,500 |   349 step/s
[train] step   812,000/1,000,000 | eps 0.010 | ep_return   37.16 | ep_len    164 | updates  198,000 |   349 step/s
[train] step   814,000/1,000,000 | eps 0.010 | ep_return   37.28 | ep_len    164 | updates  198,500 |   349 step/s
[train] step   816,000/1,000,000 | eps 0.010 | ep_return   37.42 | ep_len    165 | updates  199,000 |   349 step/s
[train] step   818,000/1,000,000 | eps 0.010 | ep_return   38.14 | ep_len    168 | updates  199,500 |   349 step/s
[train] step   820,000/1,000,000 | eps 0.010 | ep_return   37.93 | ep_len    167 | updates  200,000 |   349 step/s
[train] step   822,000/1,000,000 | eps 0.010 | ep_return   36.20 | ep_len    160 | updates  200,500 |   349 step/s
[train] step   824,000/1,000,000 | eps 0.010 | ep_return   37.12 | ep_len    164 | updates  201,000 |   349 step/s
[train] step   826,000/1,000,000 | eps 0.010 | ep_return   36.42 | ep_len    161 | updates  201,500 |   349 step/s
[train] step   828,000/1,000,000 | eps 0.010 | ep_return   38.14 | ep_len    168 | updates  202,000 |   349 step/s
[train] step   830,000/1,000,000 | eps 0.010 | ep_return   35.19 | ep_len    156 | updates  202,500 |   349 step/s
[train] step   832,000/1,000,000 | eps 0.010 | ep_return   36.37 | ep_len    160 | updates  203,000 |   349 step/s
[train] step   834,000/1,000,000 | eps 0.010 | ep_return   38.11 | ep_len    167 | updates  203,500 |   349 step/s
[train] step   836,000/1,000,000 | eps 0.010 | ep_return   36.84 | ep_len    162 | updates  204,000 |   349 step/s
[train] step   838,000/1,000,000 | eps 0.010 | ep_return   36.72 | ep_len    162 | updates  204,500 |   349 step/s
[train] step   840,000/1,000,000 | eps 0.010 | ep_return   37.58 | ep_len    165 | updates  205,000 |   349 step/s
[train] step   842,000/1,000,000 | eps 0.010 | ep_return   38.35 | ep_len    169 | updates  205,500 |   349 step/s
[train] step   844,000/1,000,000 | eps 0.010 | ep_return   35.05 | ep_len    155 | updates  206,000 |   349 step/s
[train] step   846,000/1,000,000 | eps 0.010 | ep_return   35.14 | ep_len    156 | updates  206,500 |   349 step/s
[train] step   848,000/1,000,000 | eps 0.010 | ep_return   34.39 | ep_len    153 | updates  207,000 |   349 step/s
[train] step   850,000/1,000,000 | eps 0.010 | ep_return   34.67 | ep_len    154 | updates  207,500 |   349 step/s
[train] step   852,000/1,000,000 | eps 0.010 | ep_return   37.29 | ep_len    165 | updates  208,000 |   349 step/s
[train] step   854,000/1,000,000 | eps 0.010 | ep_return   38.16 | ep_len    168 | updates  208,500 |   349 step/s
[train] step   856,000/1,000,000 | eps 0.010 | ep_return   36.06 | ep_len    160 | updates  209,000 |   349 step/s
[train] step   858,000/1,000,000 | eps 0.010 | ep_return   35.89 | ep_len    159 | updates  209,500 |   349 step/s
[train] step   860,000/1,000,000 | eps 0.010 | ep_return   39.63 | ep_len    174 | updates  210,000 |   349 step/s
[train] step   862,000/1,000,000 | eps 0.010 | ep_return   40.61 | ep_len    178 | updates  210,500 |   349 step/s
[train] step   864,000/1,000,000 | eps 0.010 | ep_return   41.93 | ep_len    183 | updates  211,000 |   349 step/s
[train] step   866,000/1,000,000 | eps 0.010 | ep_return   42.27 | ep_len    185 | updates  211,500 |   349 step/s
[train] step   868,000/1,000,000 | eps 0.010 | ep_return   40.49 | ep_len    178 | updates  212,000 |   349 step/s
[train] step   870,000/1,000,000 | eps 0.010 | ep_return   40.49 | ep_len    178 | updates  212,500 |   349 step/s
[train] step   872,000/1,000,000 | eps 0.010 | ep_return   41.05 | ep_len    180 | updates  213,000 |   349 step/s
[train] step   874,000/1,000,000 | eps 0.010 | ep_return   41.52 | ep_len    181 | updates  213,500 |   349 step/s
[train] step   876,000/1,000,000 | eps 0.010 | ep_return   41.98 | ep_len    183 | updates  214,000 |   349 step/s
[train] step   878,000/1,000,000 | eps 0.010 | ep_return   38.50 | ep_len    169 | updates  214,500 |   349 step/s
[train] step   880,000/1,000,000 | eps 0.010 | ep_return   37.69 | ep_len    166 | updates  215,000 |   349 step/s
[train] step   882,000/1,000,000 | eps 0.010 | ep_return   40.87 | ep_len    179 | updates  215,500 |   349 step/s
[train] step   884,000/1,000,000 | eps 0.010 | ep_return   44.07 | ep_len    192 | updates  216,000 |   349 step/s
[train] step   886,000/1,000,000 | eps 0.010 | ep_return   44.57 | ep_len    194 | updates  216,500 |   349 step/s
[train] step   888,000/1,000,000 | eps 0.010 | ep_return   42.20 | ep_len    184 | updates  217,000 |   349 step/s
[train] step   890,000/1,000,000 | eps 0.010 | ep_return   42.79 | ep_len    186 | updates  217,500 |   349 step/s
[train] step   892,000/1,000,000 | eps 0.010 | ep_return   43.11 | ep_len    188 | updates  218,000 |   349 step/s
[train] step   894,000/1,000,000 | eps 0.010 | ep_return   45.22 | ep_len    196 | updates  218,500 |   349 step/s
[train] step   896,000/1,000,000 | eps 0.010 | ep_return   45.00 | ep_len    195 | updates  219,000 |   349 step/s
[train] step   898,000/1,000,000 | eps 0.010 | ep_return   45.93 | ep_len    199 | updates  219,500 |   349 step/s
[train] step   900,000/1,000,000 | eps 0.010 | ep_return   44.25 | ep_len    192 | updates  220,000 |   349 step/s
[eval ] step 900,000 | return 59.60 +/- 15.72
[train] step   902,000/1,000,000 | eps 0.010 | ep_return   39.03 | ep_len    171 | updates  220,500 |   349 step/s
[train] step   904,000/1,000,000 | eps 0.010 | ep_return   38.93 | ep_len    171 | updates  221,000 |   349 step/s
[train] step   906,000/1,000,000 | eps 0.010 | ep_return   39.50 | ep_len    173 | updates  221,500 |   349 step/s
[train] step   908,000/1,000,000 | eps 0.010 | ep_return   41.64 | ep_len    182 | updates  222,000 |   349 step/s
[train] step   910,000/1,000,000 | eps 0.010 | ep_return   40.20 | ep_len    176 | updates  222,500 |   349 step/s
[train] step   912,000/1,000,000 | eps 0.010 | ep_return   40.18 | ep_len    176 | updates  223,000 |   349 step/s
[train] step   914,000/1,000,000 | eps 0.010 | ep_return   40.18 | ep_len    176 | updates  223,500 |   349 step/s
[train] step   916,000/1,000,000 | eps 0.010 | ep_return   41.63 | ep_len    182 | updates  224,000 |   349 step/s
[train] step   918,000/1,000,000 | eps 0.010 | ep_return   42.86 | ep_len    187 | updates  224,500 |   349 step/s
[train] step   920,000/1,000,000 | eps 0.010 | ep_return   45.68 | ep_len    198 | updates  225,000 |   349 step/s
[train] step   922,000/1,000,000 | eps 0.010 | ep_return   44.55 | ep_len    194 | updates  225,500 |   349 step/s
[train] step   924,000/1,000,000 | eps 0.010 | ep_return   45.75 | ep_len    198 | updates  226,000 |   349 step/s
[train] step   926,000/1,000,000 | eps 0.010 | ep_return   41.34 | ep_len    180 | updates  226,500 |   349 step/s
[train] step   928,000/1,000,000 | eps 0.010 | ep_return   40.85 | ep_len    179 | updates  227,000 |   349 step/s
[train] step   930,000/1,000,000 | eps 0.010 | ep_return   40.87 | ep_len    179 | updates  227,500 |   349 step/s
[train] step   932,000/1,000,000 | eps 0.010 | ep_return   43.31 | ep_len    188 | updates  228,000 |   349 step/s
[train] step   934,000/1,000,000 | eps 0.010 | ep_return   42.35 | ep_len    184 | updates  228,500 |   349 step/s
[train] step   936,000/1,000,000 | eps 0.010 | ep_return   40.77 | ep_len    178 | updates  229,000 |   349 step/s
[train] step   938,000/1,000,000 | eps 0.010 | ep_return   39.48 | ep_len    173 | updates  229,500 |   349 step/s
[train] step   940,000/1,000,000 | eps 0.010 | ep_return   40.39 | ep_len    177 | updates  230,000 |   349 step/s
[train] step   942,000/1,000,000 | eps 0.010 | ep_return   41.10 | ep_len    180 | updates  230,500 |   349 step/s
[train] step   944,000/1,000,000 | eps 0.010 | ep_return   43.69 | ep_len    190 | updates  231,000 |   349 step/s
[train] step   946,000/1,000,000 | eps 0.010 | ep_return   43.67 | ep_len    190 | updates  231,500 |   349 step/s
[train] step   948,000/1,000,000 | eps 0.010 | ep_return   42.88 | ep_len    187 | updates  232,000 |   349 step/s
[train] step   950,000/1,000,000 | eps 0.010 | ep_return   40.48 | ep_len    177 | updates  232,500 |   349 step/s
[train] step   952,000/1,000,000 | eps 0.010 | ep_return   40.96 | ep_len    179 | updates  233,000 |   349 step/s
[train] step   954,000/1,000,000 | eps 0.010 | ep_return   42.23 | ep_len    184 | updates  233,500 |   349 step/s
[train] step   956,000/1,000,000 | eps 0.010 | ep_return   41.88 | ep_len    183 | updates  234,000 |   349 step/s
[train] step   958,000/1,000,000 | eps 0.010 | ep_return   42.03 | ep_len    183 | updates  234,500 |   349 step/s
[train] step   960,000/1,000,000 | eps 0.010 | ep_return   39.56 | ep_len    173 | updates  235,000 |   349 step/s
[train] step   962,000/1,000,000 | eps 0.010 | ep_return   38.88 | ep_len    171 | updates  235,500 |   349 step/s
[train] step   964,000/1,000,000 | eps 0.010 | ep_return   40.77 | ep_len    178 | updates  236,000 |   349 step/s
[train] step   966,000/1,000,000 | eps 0.010 | ep_return   41.11 | ep_len    180 | updates  236,500 |   349 step/s
[train] step   968,000/1,000,000 | eps 0.010 | ep_return   38.64 | ep_len    170 | updates  237,000 |   349 step/s
[train] step   970,000/1,000,000 | eps 0.010 | ep_return   40.20 | ep_len    176 | updates  237,500 |   349 step/s
[train] step   972,000/1,000,000 | eps 0.010 | ep_return   38.53 | ep_len    169 | updates  238,000 |   349 step/s
[train] step   974,000/1,000,000 | eps 0.010 | ep_return   38.75 | ep_len    170 | updates  238,500 |   349 step/s
[train] step   976,000/1,000,000 | eps 0.010 | ep_return   39.81 | ep_len    174 | updates  239,000 |   349 step/s
[train] step   978,000/1,000,000 | eps 0.010 | ep_return   39.51 | ep_len    173 | updates  239,500 |   349 step/s
[train] step   980,000/1,000,000 | eps 0.010 | ep_return   38.56 | ep_len    169 | updates  240,000 |   349 step/s
[train] step   982,000/1,000,000 | eps 0.010 | ep_return   39.91 | ep_len    175 | updates  240,500 |   349 step/s
[train] step   984,000/1,000,000 | eps 0.010 | ep_return   41.76 | ep_len    182 | updates  241,000 |   349 step/s
[train] step   986,000/1,000,000 | eps 0.010 | ep_return   42.75 | ep_len    186 | updates  241,500 |   349 step/s
[train] step   988,000/1,000,000 | eps 0.010 | ep_return   40.76 | ep_len    178 | updates  242,000 |   349 step/s
[train] step   990,000/1,000,000 | eps 0.010 | ep_return   41.36 | ep_len    181 | updates  242,500 |   349 step/s
[train] step   992,000/1,000,000 | eps 0.010 | ep_return   43.17 | ep_len    188 | updates  243,000 |   349 step/s
[train] step   994,000/1,000,000 | eps 0.010 | ep_return   44.28 | ep_len    192 | updates  243,500 |   349 step/s
[train] step   996,000/1,000,000 | eps 0.010 | ep_return   44.51 | ep_len    193 | updates  244,000 |   349 step/s
[train] step   998,000/1,000,000 | eps 0.010 | ep_return   44.49 | ep_len    193 | updates  244,500 |   349 step/s
[train] step 1,000,000/1,000,000 | eps 0.010 | ep_return   44.57 | ep_len    194 | updates  245,000 |   349 step/s
[eval ] step 1,000,000 | return 23.22 +/- 9.53
[train] done. final weights saved to logs/checkpoint/visual_dqn_flappy.pt
[train] best eval return during training: 82.38
